EN fifo_generator_v9_1_exdes NULL /home/cc/cs150/sp13/class/cs150-bj/project/src/FIFOGen/fifo_generator_v9_1/implement/../example_design/fifo_generator_v9_1_exdes.vhd sub00/vhpl00 1365803967
AR fifo_generator_v9_1_exdes xilinx /home/cc/cs150/sp13/class/cs150-bj/project/src/FIFOGen/fifo_generator_v9_1/implement/../example_design/fifo_generator_v9_1_exdes.vhd sub00/vhpl01 1365803968
